// Jest Snapshot v1, https://goo.gl/fbAQLP

exports[`<Loader /> should match with loader snapshot 1`] = `
Array [
  <div>
    <img
      alt="loader"
      className="loader"
      src="/images/pokeball.png"
    />
  </div>,
  <div
    className="mt-3 loading-text"
  >
    Loading...
  </div>,
]
`;

exports[`should match with loader snapshot 1`] = `
Array [
  <div>
    <img
      alt="loader"
      className="loader"
      src="/images/pokeball.png"
    />
  </div>,
  <div
    className="mt-3 loading-text"
  >
    Loading...
  </div>,
]
`;
